changeLog:
    changeSet:
        author: test
        id: '1'
        addColumns:
            catalogName: cat_name
            schemaName: schema_name
            tableName: object_name
            checkConstraints:
            -   checkConstraint:
                    body: abc
                    disabled: true
                    name: abc
                    remarks: abc
            -   checkConstraint:
                    body: abc
                    disabled: true
                    name: abc
                    remarks: abc
            columns:
            -   column:
                    defaultValue: ANY OBJECT VALUE
                    name: abc
                    nullable: true
                    remarks: abc
                    type: INTEGER
                    virtual: true
                    autoIncrementDetails:
                        incrementBy: 4221
                        startWith: 4221
            -   column:
                    defaultValue: ANY OBJECT VALUE
                    name: abc
                    nullable: true
                    remarks: abc
                    type: INTEGER
                    virtual: true
                    autoIncrementDetails:
                        incrementBy: 4221
                        startWith: 4221
            foreignKeys:
            -   foreignKey:
                    deferrable: true
                    deleteRule: cascade
                    initiallyDeferred: true
                    name: abc
                    referencedTableCatalogName: cat_name
                    referencedTableName: object_name
                    referencedTableSchemaName: schema_name
                    remarks: abc
                    updateRule: cascade
                    columnChecks:
                    -   constraint:
                            baseColumn: abc
                            referencedColumn: abc
                    -   constraint:
                            baseColumn: abc
                            referencedColumn: abc
            -   foreignKey:
                    deferrable: true
                    deleteRule: cascade
                    initiallyDeferred: true
                    name: abc
                    referencedTableCatalogName: cat_name
                    referencedTableName: object_name
                    referencedTableSchemaName: schema_name
                    remarks: abc
                    updateRule: cascade
                    columnChecks:
                    -   constraint:
                            baseColumn: abc
                            referencedColumn: abc
                    -   constraint:
                            baseColumn: abc
                            referencedColumn: abc
            primaryKey:
                clustered: true
                name: abc
                remarks: abc
                tablespace: abc
                columns:
                -   column:
                        direction: ASC
                        name: abc
                -   column:
                        direction: ASC
                        name: abc
            uniqueConstraints:
            -   uniqueConstraint:
                    backingIndexCatalogName: cat_name
                    backingIndexName: object_name
                    backingIndexSchemaName: schema_name
                    backingIndexTableName: table_name
                    deferrable: true
                    disabled: true
                    initiallyDeferred: true
                    name: abc
                    remarks: abc
                    tablespace: abc
                    columns:
                    - abc
                    - abc
            -   uniqueConstraint:
                    backingIndexCatalogName: cat_name
                    backingIndexName: object_name
                    backingIndexSchemaName: schema_name
                    backingIndexTableName: table_name
                    deferrable: true
                    disabled: true
                    initiallyDeferred: true
                    name: abc
                    remarks: abc
                    tablespace: abc
                    columns:
                    - abc
                    - abc
