<?xml version="1.1" encoding="utf-8"?>
<changeLog xmlns="http://www.liquibase.org/xml/ns/changelog" xmlns:xsi="http://www.w3.org/2001/XMLSchema-instance" xsi:schemaLocation="http://www.liquibase.org/xml/ns/changelog http://www.liquibase.org/xml/ns/changelog/changelog-4.0.xsd">
    <changeSet author="test" id="1">
        <addAutoIncrement dataType="INTEGER" columnName="object_name" tableName="table_name" schemaName="schema_name" catalogName="cat_name">
            <autoIncrementDetails incrementBy="4221" startWith="4221"/>
        </addAutoIncrement>
    </changeSet>
</changeLog>
